Skasowany
Dodane
Dodane
Dośdane
Dośdńźąćśane
